// Jest Snapshot v1, https://goo.gl/fbAQLP

exports[`Basic config 1`] = `
"export declare function someFunction(a: string, b: number): string;
export type SomeType = "someValue" | "anotherValue";
export declare const someVar: SomeType;
"
`;

exports[`Incremental mode 1`] = `
"export declare function someFunction(a: string, b: number): string;
export type SomeType = "someValue" | "anotherValue";
export declare const someVar: SomeType;
"
`;

exports[`TSConfig extends is resolved 1`] = `
{
  "allowSyntheticDefaultImports": true,
  "baseUrl": "/Users/ramstarh/Documents/Projects/plugin/esbuild-plugin-d.ts",
  "declaration": true,
  "declarationDir": "/Users/ramstarh/Documents/Projects/plugin/esbuild-plugin-d.ts/dist",
  "emitDeclarationOnly": true,
  "emitDecoratorMetadata": true,
  "esModuleInterop": true,
  "experimentalDecorators": true,
  "isolatedModules": true,
  "lib": [
    "lib.dom.d.ts",
    "lib.es2015.d.ts",
    "lib.es2017.d.ts",
    "lib.es2018.asynciterable.d.ts",
  ],
  "listEmittedFiles": true,
  "module": 1,
  "moduleResolution": 2,
  "noFallthroughCasesInSwitch": true,
  "noImplicitAny": true,
  "noImplicitReturns": true,
  "noImplicitThis": true,
  "noUnusedLocals": true,
  "noUnusedParameters": true,
  "outDir": "/Users/ramstarh/Documents/Projects/plugin/esbuild-plugin-d.ts/dist",
  "paths": {
    "@/*": [
      "./src/*",
    ],
  },
  "removeComments": true,
  "resolveJsonModule": true,
  "skipLibCheck": true,
  "sourceMap": true,
  "strict": true,
  "strictFunctionTypes": true,
  "strictNullChecks": true,
  "target": 2,
}
`;
